src/features/custom-book/components/CustomBookEditor.tsx(4,26): error TS2307: Cannot find module '../../lib/supabase' or its corresponding type declarations.
src/features/custom-book/components/CustomBookEditor.tsx(5,31): error TS2307: Cannot find module '../PublishDialog' or its corresponding type declarations.
src/features/custom-book/components/CustomBookEditor.tsx(6,34): error TS2307: Cannot find module '../profile/AchievementToast' or its corresponding type declarations.
src/features/custom-book/components/CustomBookEditor.tsx(7,37): error TS2307: Cannot find module '../../features/custom-book/hooks/useCustomBookEditor' or its corresponding type declarations.
src/features/custom-book/components/CustomBookEditor.tsx(8,31): error TS2307: Cannot find module '../../features/custom-book/components/EditorToolbar' or its corresponding type declarations.
src/features/custom-book/components/CustomBookEditor.tsx(9,29): error TS2307: Cannot find module '../../features/custom-book/components/WriterPanel' or its corresponding type declarations.
src/features/custom-book/components/CustomBookEditor.tsx(10,34): error TS2307: Cannot find module '../../features/custom-book/components/GeminiSuggestion' or its corresponding type declarations.
src/features/custom-book/components/CustomBookEditor.tsx(11,34): error TS2307: Cannot find module '../../features/custom-book/components/IllustratorPanel' or its corresponding type declarations.
src/features/custom-book/components/CustomBookEditor.tsx(12,35): error TS2307: Cannot find module '../../features/custom-book/components/DictionarySidebar' or its corresponding type declarations.
src/features/custom-book/components/CustomBookEditor.tsx(13,32): error TS2307: Cannot find module '../../features/custom-book/components/TimelineFooter' or its corresponding type declarations.
src/features/custom-book/components/CustomBookEditor.tsx(14,39): error TS2307: Cannot find module '../../features/custom-book/types' or its corresponding type declarations.
src/features/custom-book/components/CustomBookEditor.tsx(70,39): error TS7006: Parameter 'isPublic' implicitly has an 'any' type.
src/features/gamification/components/DailyRewardModal.tsx(4,26): error TS2307: Cannot find module '../../lib/supabase' or its corresponding type declarations.
src/features/gamification/components/DailyRewardModal.tsx(5,26): error TS2307: Cannot find module '../../utils/confetti' or its corresponding type declarations.
src/features/reader/components/BookCover.tsx(3,27): error TS2307: Cannot find module '../types' or its corresponding type declarations.
src/features/reader/components/BookCover.tsx(4,32): error TS2307: Cannot find module '../features/story-builder/components/ImageGenerator' or its corresponding type declarations.
src/features/reader/components/BookCover.tsx(6,26): error TS2307: Cannot find module '../lib/themes' or its corresponding type declarations.
src/features/reader/components/BookCover.tsx(7,40): error TS2307: Cannot find module '../features/core/components/BackgroundOrchestrator' or its corresponding type declarations.
src/features/reader/components/BookCover.tsx(37,24): error TS2307: Cannot find module '../lib/storyteller' or its corresponding type declarations.
